// Vitest Snapshot v1, https://vitest.dev/guide/snapshot.html

exports[`ProductCartActions stories snapshot > Default story renders and matches snapshot 1`] = `
<div>
  <div
    class="mt-6"
  >
    <div
      class="flex flex-col gap-3"
    >
      <button
        class="inline-flex items-center justify-center gap-2 whitespace-nowrap text-sm font-medium transition-all disabled:pointer-events-none disabled:opacity-50 [&_svg]:pointer-events-none [&_svg:not([class*='size-'])]:size-4 shrink-0 [&_svg]:shrink-0 outline-none focus-visible:border-ring focus-visible:ring-ring/50 focus-visible:ring-[3px] aria-invalid:ring-destructive/20 dark:aria-invalid:ring-destructive/40 aria-invalid:border-destructive bg-primary text-primary-foreground hover:bg-primary/90 h-10 rounded-md px-6 has-[>svg]:px-4 w-full"
        data-size="lg"
        data-slot="button"
        data-variant="default"
      >
        Add to Cart
      </button>
      <div
        class="text-sm text-muted-foreground"
      >
        <span>
          Pay in 4 interest-free payments of 
          <span
            class="font-bold text-foreground"
          >
            $12.25
          </span>
          .
           
        </span>
        <button
          class="text-primary hover:underline font-medium cursor-pointer"
        >
          Learn more
        </button>
      </div>
      <div
        class="grid grid-cols-2 gap-3"
      >
        <button
          class="inline-flex items-center justify-center gap-2 whitespace-nowrap text-sm font-medium transition-all disabled:pointer-events-none disabled:opacity-50 [&_svg]:pointer-events-none [&_svg:not([class*='size-'])]:size-4 shrink-0 [&_svg]:shrink-0 outline-none focus-visible:border-ring focus-visible:ring-ring/50 focus-visible:ring-[3px] aria-invalid:ring-destructive/20 dark:aria-invalid:ring-destructive/40 aria-invalid:border-destructive border bg-background shadow-xs hover:bg-accent hover:text-accent-foreground dark:bg-input/30 dark:border-input dark:hover:bg-input/50 h-10 rounded-md px-6 has-[>svg]:px-4 w-full"
          data-size="lg"
          data-slot="button"
          data-variant="outline"
        >
          Add to Wishlist
        </button>
        <button
          aria-expanded="false"
          aria-haspopup="menu"
          aria-label="Share"
          class="inline-flex items-center justify-center gap-2 whitespace-nowrap text-sm font-medium transition-all disabled:pointer-events-none disabled:opacity-50 [&_svg]:pointer-events-none [&_svg:not([class*='size-'])]:size-4 shrink-0 [&_svg]:shrink-0 outline-none focus-visible:border-ring focus-visible:ring-ring/50 focus-visible:ring-[3px] aria-invalid:ring-destructive/20 dark:aria-invalid:ring-destructive/40 aria-invalid:border-destructive border bg-background shadow-xs hover:bg-accent hover:text-accent-foreground dark:bg-input/30 dark:border-input dark:hover:bg-input/50 h-10 rounded-md px-6 has-[>svg]:px-4 w-full"
          data-size="lg"
          data-slot="dropdown-menu-trigger"
          data-state="closed"
          data-variant="outline"
          id="radix-_r_3_"
          type="button"
        >
          Share
        </button>
      </div>
    </div>
  </div>
</div>
`;

exports[`ProductCartActions stories snapshot > EditMode story renders and matches snapshot 1`] = `
<div>
  <div>
    <div
      class="mt-6"
    >
      <div
        class="flex flex-col gap-3"
      >
        <button
          class="inline-flex items-center justify-center gap-2 whitespace-nowrap text-sm font-medium transition-all disabled:pointer-events-none disabled:opacity-50 [&_svg]:pointer-events-none [&_svg:not([class*='size-'])]:size-4 shrink-0 [&_svg]:shrink-0 outline-none focus-visible:border-ring focus-visible:ring-ring/50 focus-visible:ring-[3px] aria-invalid:ring-destructive/20 dark:aria-invalid:ring-destructive/40 aria-invalid:border-destructive bg-primary text-primary-foreground hover:bg-primary/90 h-10 rounded-md px-6 has-[>svg]:px-4 w-full"
          data-size="lg"
          data-slot="button"
          data-variant="default"
        >
          Update
        </button>
        <div
          class="text-sm text-muted-foreground"
        >
          <span>
            Pay in 4 interest-free payments of 
            <span
              class="font-bold text-foreground"
            >
              $12.25
            </span>
            .
             
          </span>
          <button
            class="text-primary hover:underline font-medium cursor-pointer"
          >
            Learn more
          </button>
        </div>
      </div>
    </div>
  </div>
</div>
`;
