// Vitest Snapshot v1, https://vitest.dev/guide/snapshot.html

exports[`ProductInfo stories snapshot > BackOrderStatus story renders and matches snapshot 1`] = `null`;

exports[`ProductInfo stories snapshot > ControlledSwatchMode story renders and matches snapshot 1`] = `null`;

exports[`ProductInfo stories snapshot > NoVariations story renders and matches snapshot 1`] = `null`;

exports[`ProductInfo stories snapshot > OutOfStockStatus story renders and matches snapshot 1`] = `null`;

exports[`ProductInfo stories snapshot > PreOrderStatus story renders and matches snapshot 1`] = `null`;

exports[`ProductInfo stories snapshot > WithDisabledVariants story renders and matches snapshot 1`] = `null`;

exports[`ProductInfo stories snapshot > WithVariations story renders and matches snapshot 1`] = `null`;
