// Vitest Snapshot v1, https://vitest.dev/guide/snapshot.html

exports[`PriceRangeInput stories snapshot > Default story renders and matches snapshot 1`] = `
<div>
  <div
    class="space-y-4 w-96"
  >
    <div
      class="flex flex-row gap-3 items-center justify-start self-stretch shrink-0 relative"
    >
      <div
        class="bg-custom-bg-input-30 rounded-[var(--radius-2px)] border-solid border-[var(--input)] border py-2 px-3 flex flex-row gap-2 items-center justify-start flex-1 relative overflow-hidden shadow-xs"
      >
        <svg
          aria-hidden="true"
          class="lucide lucide-dollar-sign shrink-0 w-4 h-4 relative overflow-visible text-muted-foreground"
          fill="none"
          height="24"
          stroke="currentColor"
          stroke-linecap="round"
          stroke-linejoin="round"
          stroke-width="2"
          viewBox="0 0 24 24"
          width="24"
          xmlns="http://www.w3.org/2000/svg"
        >
          <line
            x1="12"
            x2="12"
            y1="2"
            y2="22"
          />
          <path
            d="M17 5H9.5a3.5 3.5 0 0 0 0 7h5a3.5 3.5 0 0 1 0 7H6"
          />
        </svg>
        <div
          class="text-muted-foreground text-left font-text-sm-leading-normal-normal-font-family text-sm leading-normal font-normal relative overflow-hidden flex-1 truncate whitespace-nowrap"
        >
          <input
            class="file:text-foreground selection:bg-primary selection:text-primary-foreground dark:bg-input/30 border-input min-w-0 rounded-md shadow-xs transition-[color,box-shadow] outline-none file:inline-flex file:h-7 file:border-0 file:bg-transparent file:text-sm file:font-medium disabled:pointer-events-none disabled:cursor-not-allowed disabled:opacity-50 md:text-sm focus-visible:border-ring focus-visible:ring-ring/50 aria-invalid:ring-destructive/20 dark:aria-invalid:ring-destructive/40 aria-invalid:border-destructive border-0 p-0 h-auto text-sm bg-transparent focus-visible:ring-0 focus-visible:ring-offset-0 placeholder:text-muted-foreground w-full"
            data-slot="input"
            min="0"
            placeholder="Min"
            type="number"
            value=""
          />
        </div>
      </div>
      <div
        class="text-foreground text-left font-text-sm-leading-none-normal-font-family text-sm leading-none font-normal relative"
      >
        to
      </div>
      <div
        class="bg-custom-bg-input-30 rounded-[var(--radius-2px)] border-solid border-[var(--input)] border py-2 px-3 flex flex-row gap-2 items-center justify-start flex-1 relative overflow-hidden shadow-xs"
      >
        <svg
          aria-hidden="true"
          class="lucide lucide-dollar-sign shrink-0 w-4 h-4 relative overflow-visible text-muted-foreground"
          fill="none"
          height="24"
          stroke="currentColor"
          stroke-linecap="round"
          stroke-linejoin="round"
          stroke-width="2"
          viewBox="0 0 24 24"
          width="24"
          xmlns="http://www.w3.org/2000/svg"
        >
          <line
            x1="12"
            x2="12"
            y1="2"
            y2="22"
          />
          <path
            d="M17 5H9.5a3.5 3.5 0 0 0 0 7h5a3.5 3.5 0 0 1 0 7H6"
          />
        </svg>
        <div
          class="text-muted-foreground text-left font-text-sm-leading-normal-normal-font-family text-sm leading-normal font-normal relative overflow-hidden flex-1 truncate whitespace-nowrap"
        >
          <input
            class="file:text-foreground selection:bg-primary selection:text-primary-foreground dark:bg-input/30 border-input min-w-0 rounded-md shadow-xs transition-[color,box-shadow] outline-none file:inline-flex file:h-7 file:border-0 file:bg-transparent file:text-sm file:font-medium disabled:pointer-events-none disabled:cursor-not-allowed disabled:opacity-50 md:text-sm focus-visible:border-ring focus-visible:ring-ring/50 aria-invalid:ring-destructive/20 dark:aria-invalid:ring-destructive/40 aria-invalid:border-destructive border-0 p-0 h-auto text-sm bg-transparent focus-visible:ring-0 focus-visible:ring-offset-0 placeholder:text-muted-foreground w-full"
            data-slot="input"
            min="0"
            placeholder="Max"
            type="number"
            value=""
          />
        </div>
      </div>
    </div>
  </div>
</div>
`;

exports[`PriceRangeInput stories snapshot > WithLimits story renders and matches snapshot 1`] = `
<div>
  <div
    class="space-y-4 w-96"
  >
    <div
      class="flex flex-row gap-3 items-center justify-start self-stretch shrink-0 relative"
    >
      <div
        class="bg-custom-bg-input-30 rounded-[var(--radius-2px)] border-solid border-[var(--input)] border py-2 px-3 flex flex-row gap-2 items-center justify-start flex-1 relative overflow-hidden shadow-xs"
      >
        <svg
          aria-hidden="true"
          class="lucide lucide-dollar-sign shrink-0 w-4 h-4 relative overflow-visible text-muted-foreground"
          fill="none"
          height="24"
          stroke="currentColor"
          stroke-linecap="round"
          stroke-linejoin="round"
          stroke-width="2"
          viewBox="0 0 24 24"
          width="24"
          xmlns="http://www.w3.org/2000/svg"
        >
          <line
            x1="12"
            x2="12"
            y1="2"
            y2="22"
          />
          <path
            d="M17 5H9.5a3.5 3.5 0 0 0 0 7h5a3.5 3.5 0 0 1 0 7H6"
          />
        </svg>
        <div
          class="text-muted-foreground text-left font-text-sm-leading-normal-normal-font-family text-sm leading-normal font-normal relative overflow-hidden flex-1 truncate whitespace-nowrap"
        >
          <input
            class="file:text-foreground selection:bg-primary selection:text-primary-foreground dark:bg-input/30 border-input min-w-0 rounded-md shadow-xs transition-[color,box-shadow] outline-none file:inline-flex file:h-7 file:border-0 file:bg-transparent file:text-sm file:font-medium disabled:pointer-events-none disabled:cursor-not-allowed disabled:opacity-50 md:text-sm focus-visible:border-ring focus-visible:ring-ring/50 aria-invalid:ring-destructive/20 dark:aria-invalid:ring-destructive/40 aria-invalid:border-destructive border-0 p-0 h-auto text-sm bg-transparent focus-visible:ring-0 focus-visible:ring-offset-0 placeholder:text-muted-foreground w-full"
            data-slot="input"
            min="0"
            placeholder="Min"
            type="number"
            value="5"
          />
        </div>
      </div>
      <div
        class="text-foreground text-left font-text-sm-leading-none-normal-font-family text-sm leading-none font-normal relative"
      >
        to
      </div>
      <div
        class="bg-custom-bg-input-30 rounded-[var(--radius-2px)] border-solid border-[var(--input)] border py-2 px-3 flex flex-row gap-2 items-center justify-start flex-1 relative overflow-hidden shadow-xs"
      >
        <svg
          aria-hidden="true"
          class="lucide lucide-dollar-sign shrink-0 w-4 h-4 relative overflow-visible text-muted-foreground"
          fill="none"
          height="24"
          stroke="currentColor"
          stroke-linecap="round"
          stroke-linejoin="round"
          stroke-width="2"
          viewBox="0 0 24 24"
          width="24"
          xmlns="http://www.w3.org/2000/svg"
        >
          <line
            x1="12"
            x2="12"
            y1="2"
            y2="22"
          />
          <path
            d="M17 5H9.5a3.5 3.5 0 0 0 0 7h5a3.5 3.5 0 0 1 0 7H6"
          />
        </svg>
        <div
          class="text-muted-foreground text-left font-text-sm-leading-normal-normal-font-family text-sm leading-normal font-normal relative overflow-hidden flex-1 truncate whitespace-nowrap"
        >
          <input
            class="file:text-foreground selection:bg-primary selection:text-primary-foreground dark:bg-input/30 border-input min-w-0 rounded-md shadow-xs transition-[color,box-shadow] outline-none file:inline-flex file:h-7 file:border-0 file:bg-transparent file:text-sm file:font-medium disabled:pointer-events-none disabled:cursor-not-allowed disabled:opacity-50 md:text-sm focus-visible:border-ring focus-visible:ring-ring/50 aria-invalid:ring-destructive/20 dark:aria-invalid:ring-destructive/40 aria-invalid:border-destructive border-0 p-0 h-auto text-sm bg-transparent focus-visible:ring-0 focus-visible:ring-offset-0 placeholder:text-muted-foreground w-full"
            data-slot="input"
            min="0"
            placeholder="Max"
            type="number"
            value="200"
          />
        </div>
      </div>
    </div>
  </div>
</div>
`;

exports[`PriceRangeInput stories snapshot > WithValues story renders and matches snapshot 1`] = `
<div>
  <div
    class="space-y-4 w-96"
  >
    <div
      class="flex flex-row gap-3 items-center justify-start self-stretch shrink-0 relative"
    >
      <div
        class="bg-custom-bg-input-30 rounded-[var(--radius-2px)] border-solid border-[var(--input)] border py-2 px-3 flex flex-row gap-2 items-center justify-start flex-1 relative overflow-hidden shadow-xs"
      >
        <svg
          aria-hidden="true"
          class="lucide lucide-dollar-sign shrink-0 w-4 h-4 relative overflow-visible text-muted-foreground"
          fill="none"
          height="24"
          stroke="currentColor"
          stroke-linecap="round"
          stroke-linejoin="round"
          stroke-width="2"
          viewBox="0 0 24 24"
          width="24"
          xmlns="http://www.w3.org/2000/svg"
        >
          <line
            x1="12"
            x2="12"
            y1="2"
            y2="22"
          />
          <path
            d="M17 5H9.5a3.5 3.5 0 0 0 0 7h5a3.5 3.5 0 0 1 0 7H6"
          />
        </svg>
        <div
          class="text-muted-foreground text-left font-text-sm-leading-normal-normal-font-family text-sm leading-normal font-normal relative overflow-hidden flex-1 truncate whitespace-nowrap"
        >
          <input
            class="file:text-foreground selection:bg-primary selection:text-primary-foreground dark:bg-input/30 border-input min-w-0 rounded-md shadow-xs transition-[color,box-shadow] outline-none file:inline-flex file:h-7 file:border-0 file:bg-transparent file:text-sm file:font-medium disabled:pointer-events-none disabled:cursor-not-allowed disabled:opacity-50 md:text-sm focus-visible:border-ring focus-visible:ring-ring/50 aria-invalid:ring-destructive/20 dark:aria-invalid:ring-destructive/40 aria-invalid:border-destructive border-0 p-0 h-auto text-sm bg-transparent focus-visible:ring-0 focus-visible:ring-offset-0 placeholder:text-muted-foreground w-full"
            data-slot="input"
            min="0"
            placeholder="Min"
            type="number"
            value="10"
          />
        </div>
      </div>
      <div
        class="text-foreground text-left font-text-sm-leading-none-normal-font-family text-sm leading-none font-normal relative"
      >
        to
      </div>
      <div
        class="bg-custom-bg-input-30 rounded-[var(--radius-2px)] border-solid border-[var(--input)] border py-2 px-3 flex flex-row gap-2 items-center justify-start flex-1 relative overflow-hidden shadow-xs"
      >
        <svg
          aria-hidden="true"
          class="lucide lucide-dollar-sign shrink-0 w-4 h-4 relative overflow-visible text-muted-foreground"
          fill="none"
          height="24"
          stroke="currentColor"
          stroke-linecap="round"
          stroke-linejoin="round"
          stroke-width="2"
          viewBox="0 0 24 24"
          width="24"
          xmlns="http://www.w3.org/2000/svg"
        >
          <line
            x1="12"
            x2="12"
            y1="2"
            y2="22"
          />
          <path
            d="M17 5H9.5a3.5 3.5 0 0 0 0 7h5a3.5 3.5 0 0 1 0 7H6"
          />
        </svg>
        <div
          class="text-muted-foreground text-left font-text-sm-leading-normal-normal-font-family text-sm leading-normal font-normal relative overflow-hidden flex-1 truncate whitespace-nowrap"
        >
          <input
            class="file:text-foreground selection:bg-primary selection:text-primary-foreground dark:bg-input/30 border-input min-w-0 rounded-md shadow-xs transition-[color,box-shadow] outline-none file:inline-flex file:h-7 file:border-0 file:bg-transparent file:text-sm file:font-medium disabled:pointer-events-none disabled:cursor-not-allowed disabled:opacity-50 md:text-sm focus-visible:border-ring focus-visible:ring-ring/50 aria-invalid:ring-destructive/20 dark:aria-invalid:ring-destructive/40 aria-invalid:border-destructive border-0 p-0 h-auto text-sm bg-transparent focus-visible:ring-0 focus-visible:ring-offset-0 placeholder:text-muted-foreground w-full"
            data-slot="input"
            min="0"
            placeholder="Max"
            type="number"
            value="100"
          />
        </div>
      </div>
    </div>
  </div>
</div>
`;
