// Vitest Snapshot v1, https://vitest.dev/guide/snapshot.html

exports[`AccountAddressesSkeleton stories snapshot > Default story renders and matches snapshot 1`] = `
<div>
  <div
    class="space-y-6"
  >
    <div
      class="bg-card text-card-foreground flex flex-col gap-6 rounded-xl border shadow-sm p-6"
      data-slot="card"
    >
      <div
        class="flex items-start justify-between"
      >
        <div>
          <h1
            class="text-2xl font-bold text-foreground"
            tabindex="0"
          >
            Addresses
          </h1>
          <div
            class="bg-accent animate-pulse rounded-md h-4 w-48 mt-2"
            data-slot="skeleton"
          />
        </div>
        <div
          class="bg-accent animate-pulse rounded-md h-9 w-36"
          data-slot="skeleton"
        />
      </div>
    </div>
    <div
      class="flex flex-col gap-4"
    >
      <div
        class="bg-card text-card-foreground flex flex-col rounded-xl border shadow-sm border-border gap-0 py-4"
        data-slot="card"
      >
        <div
          class="@container/card-header grid auto-rows-min grid-rows-[auto_auto] items-start gap-2 has-data-[slot=card-action]:grid-cols-[1fr_auto] [.border-b]:pb-6 px-6 pb-2"
          data-slot="card-header"
        >
          <div
            class="leading-none font-semibold flex items-center gap-2"
            data-slot="card-title"
          >
            <div
              class="bg-accent animate-pulse rounded-md h-5 w-32"
              data-slot="skeleton"
            />
            <div
              class="bg-accent animate-pulse h-5 w-14 rounded-md"
              data-slot="skeleton"
            />
          </div>
        </div>
        <div
          class="px-6 py-2"
          data-slot="card-content"
        >
          <div
            class="space-y-1"
          >
            <div
              class="bg-accent animate-pulse rounded-md h-4 w-48"
              data-slot="skeleton"
            />
            <div
              class="bg-accent animate-pulse rounded-md h-4 w-56"
              data-slot="skeleton"
            />
          </div>
        </div>
        <div
          class="flex items-center [.border-t]:pt-6 gap-4 px-6 pt-2"
          data-slot="card-footer"
        >
          <div
            class="bg-accent animate-pulse rounded-md h-4 w-20"
            data-slot="skeleton"
          />
          <div
            class="bg-accent animate-pulse rounded-md h-4 w-20"
            data-slot="skeleton"
          />
          <div
            class="bg-accent animate-pulse rounded-md h-4 w-16"
            data-slot="skeleton"
          />
        </div>
      </div>
      <div
        class="bg-card text-card-foreground flex flex-col rounded-xl border shadow-sm border-border gap-0 py-4"
        data-slot="card"
      >
        <div
          class="@container/card-header grid auto-rows-min grid-rows-[auto_auto] items-start gap-2 has-data-[slot=card-action]:grid-cols-[1fr_auto] [.border-b]:pb-6 px-6 pb-2"
          data-slot="card-header"
        >
          <div
            class="leading-none font-semibold flex items-center gap-2"
            data-slot="card-title"
          >
            <div
              class="bg-accent animate-pulse rounded-md h-5 w-32"
              data-slot="skeleton"
            />
          </div>
        </div>
        <div
          class="px-6 py-2"
          data-slot="card-content"
        >
          <div
            class="space-y-1"
          >
            <div
              class="bg-accent animate-pulse rounded-md h-4 w-48"
              data-slot="skeleton"
            />
            <div
              class="bg-accent animate-pulse rounded-md h-4 w-56"
              data-slot="skeleton"
            />
          </div>
        </div>
        <div
          class="flex items-center [.border-t]:pt-6 gap-4 px-6 pt-2"
          data-slot="card-footer"
        >
          <div
            class="bg-accent animate-pulse rounded-md h-4 w-20"
            data-slot="skeleton"
          />
          <div
            class="bg-accent animate-pulse rounded-md h-4 w-20"
            data-slot="skeleton"
          />
          <div
            class="bg-accent animate-pulse rounded-md h-4 w-16"
            data-slot="skeleton"
          />
        </div>
      </div>
    </div>
  </div>
</div>
`;
