// Vitest Snapshot v1, https://vitest.dev/guide/snapshot.html

exports[`CustomerProfileForm stories snapshot > Default story renders and matches snapshot 1`] = `
<div>
  <div
    class="p-8 max-w-2xl"
  >
    <div
      class="w-full"
    >
      <form
        data-testid="customer-profile-form"
      >
        <div
          class="space-y-4"
        >
          <div
            class="grid grid-cols-1 md:grid-cols-2 gap-4"
          >
            <div
              class="grid gap-2"
              data-slot="form-item"
            >
              <label
                class="flex items-center gap-2 select-none group-data-[disabled=true]:pointer-events-none group-data-[disabled=true]:opacity-50 peer-disabled:cursor-not-allowed peer-disabled:opacity-50 data-[error=true]:text-destructive text-sm font-medium text-foreground"
                data-error="false"
                data-slot="form-label"
                for="_r_0_-form-item"
              >
                First Name
              </label>
              <input
                aria-describedby="_r_0_-form-item-description"
                aria-invalid="false"
                autocomplete="given-name"
                class="file:text-foreground placeholder:text-muted-foreground selection:bg-primary selection:text-primary-foreground dark:bg-input/30 border-input h-9 w-full min-w-0 border bg-transparent px-3 py-1 text-base shadow-xs transition-[color,box-shadow] outline-none file:inline-flex file:h-7 file:border-0 file:bg-transparent file:text-sm file:font-medium disabled:pointer-events-none disabled:cursor-not-allowed disabled:opacity-50 md:text-sm focus-visible:border-ring focus-visible:ring-ring/50 focus-visible:ring-[3px] aria-invalid:ring-destructive/20 dark:aria-invalid:ring-destructive/40 aria-invalid:border-destructive rounded-md"
                data-slot="form-control"
                id="_r_0_-form-item"
                name="firstName"
                placeholder="Enter your first name"
                type="text"
                value=""
              />
            </div>
            <div
              class="grid gap-2"
              data-slot="form-item"
            >
              <label
                class="flex items-center gap-2 select-none group-data-[disabled=true]:pointer-events-none group-data-[disabled=true]:opacity-50 peer-disabled:cursor-not-allowed peer-disabled:opacity-50 data-[error=true]:text-destructive text-sm font-medium text-foreground"
                data-error="false"
                data-slot="form-label"
                for="_r_1_-form-item"
              >
                Last Name
              </label>
              <input
                aria-describedby="_r_1_-form-item-description"
                aria-invalid="false"
                autocomplete="family-name"
                class="file:text-foreground placeholder:text-muted-foreground selection:bg-primary selection:text-primary-foreground dark:bg-input/30 border-input h-9 w-full min-w-0 border bg-transparent px-3 py-1 text-base shadow-xs transition-[color,box-shadow] outline-none file:inline-flex file:h-7 file:border-0 file:bg-transparent file:text-sm file:font-medium disabled:pointer-events-none disabled:cursor-not-allowed disabled:opacity-50 md:text-sm focus-visible:border-ring focus-visible:ring-ring/50 focus-visible:ring-[3px] aria-invalid:ring-destructive/20 dark:aria-invalid:ring-destructive/40 aria-invalid:border-destructive rounded-md"
                data-slot="form-control"
                id="_r_1_-form-item"
                name="lastName"
                placeholder="Enter your last name"
                type="text"
                value=""
              />
            </div>
          </div>
          <div
            class="grid gap-2"
            data-slot="form-item"
          >
            <label
              class="flex items-center gap-2 select-none group-data-[disabled=true]:pointer-events-none group-data-[disabled=true]:opacity-50 peer-disabled:cursor-not-allowed peer-disabled:opacity-50 data-[error=true]:text-destructive text-sm font-medium text-foreground"
              data-error="false"
              data-slot="form-label"
              for="_r_2_-form-item"
            >
              Email Address
            </label>
            <input
              aria-describedby="_r_2_-form-item-description"
              aria-invalid="false"
              autocomplete="email"
              class="file:text-foreground placeholder:text-muted-foreground selection:bg-primary selection:text-primary-foreground dark:bg-input/30 border-input h-9 w-full min-w-0 border bg-transparent px-3 py-1 text-base shadow-xs transition-[color,box-shadow] outline-none file:inline-flex file:h-7 file:border-0 file:bg-transparent file:text-sm file:font-medium disabled:pointer-events-none disabled:cursor-not-allowed disabled:opacity-50 md:text-sm focus-visible:border-ring focus-visible:ring-ring/50 focus-visible:ring-[3px] aria-invalid:ring-destructive/20 dark:aria-invalid:ring-destructive/40 aria-invalid:border-destructive rounded-md"
              data-slot="form-control"
              id="_r_2_-form-item"
              name="email"
              placeholder="you@email.com"
              type="email"
              value=""
            />
          </div>
          <div
            class="grid gap-2"
            data-slot="form-item"
          >
            <label
              class="flex items-center gap-2 select-none group-data-[disabled=true]:pointer-events-none group-data-[disabled=true]:opacity-50 peer-disabled:cursor-not-allowed peer-disabled:opacity-50 data-[error=true]:text-destructive text-sm font-medium text-foreground"
              data-error="false"
              data-slot="form-label"
              for="_r_3_-form-item"
            >
              Phone Number
            </label>
            <input
              aria-describedby="_r_3_-form-item-description"
              aria-invalid="false"
              autocomplete="tel"
              class="file:text-foreground placeholder:text-muted-foreground selection:bg-primary selection:text-primary-foreground dark:bg-input/30 border-input h-9 w-full min-w-0 border bg-transparent px-3 py-1 text-base shadow-xs transition-[color,box-shadow] outline-none file:inline-flex file:h-7 file:border-0 file:bg-transparent file:text-sm file:font-medium disabled:pointer-events-none disabled:cursor-not-allowed disabled:opacity-50 md:text-sm focus-visible:border-ring focus-visible:ring-ring/50 focus-visible:ring-[3px] aria-invalid:ring-destructive/20 dark:aria-invalid:ring-destructive/40 aria-invalid:border-destructive rounded-md"
              data-slot="form-control"
              id="_r_3_-form-item"
              inputmode="numeric"
              name="phone"
              placeholder="Enter your phone number"
              type="tel"
              value=""
            />
          </div>
          <div
            class="grid grid-cols-1 md:grid-cols-2 gap-4"
          >
            <div
              class="grid gap-2 [&_[data-slot=native-select-wrapper]]:w-full"
              data-slot="form-item"
            >
              <label
                class="flex items-center gap-2 select-none group-data-[disabled=true]:pointer-events-none group-data-[disabled=true]:opacity-50 peer-disabled:cursor-not-allowed peer-disabled:opacity-50 data-[error=true]:text-destructive text-sm font-medium text-foreground"
                data-error="false"
                data-slot="form-label"
                for="_r_4_-form-item"
              >
                Gender
              </label>
              <div
                class="group/native-select relative w-fit has-[select:disabled]:opacity-50"
                data-slot="native-select-wrapper"
              >
                <select
                  aria-describedby="_r_4_-form-item-description"
                  aria-invalid="false"
                  aria-label="Gender"
                  class="border-input placeholder:text-muted-foreground selection:bg-primary selection:text-primary-foreground dark:bg-input/30 dark:hover:bg-input/50 h-9 min-w-0 appearance-none border bg-transparent px-3 py-2 pr-9 text-sm shadow-xs transition-[color,box-shadow] outline-none disabled:pointer-events-none disabled:cursor-not-allowed data-[size=sm]:h-8 data-[size=sm]:py-1 focus-visible:border-ring focus-visible:ring-ring/50 focus-visible:ring-[3px] aria-invalid:ring-destructive/20 dark:aria-invalid:ring-destructive/40 aria-invalid:border-destructive w-full rounded-md"
                  data-size="default"
                  data-slot="form-control"
                  id="_r_4_-form-item"
                  name="gender"
                >
                  <option
                    value=""
                  >
                    Select gender
                  </option>
                  <option
                    value="1"
                  >
                    Male
                  </option>
                  <option
                    value="2"
                  >
                    Female
                  </option>
                </select>
                <svg
                  aria-hidden="true"
                  class="lucide lucide-chevron-down text-muted-foreground pointer-events-none absolute top-1/2 right-3.5 size-4 -translate-y-1/2 opacity-50 select-none"
                  data-slot="native-select-icon"
                  fill="none"
                  height="24"
                  stroke="currentColor"
                  stroke-linecap="round"
                  stroke-linejoin="round"
                  stroke-width="2"
                  viewBox="0 0 24 24"
                  width="24"
                  xmlns="http://www.w3.org/2000/svg"
                >
                  <path
                    d="m6 9 6 6 6-6"
                  />
                </svg>
              </div>
            </div>
            <div
              class="grid gap-2"
              data-slot="form-item"
            >
              <label
                class="flex items-center gap-2 select-none group-data-[disabled=true]:pointer-events-none group-data-[disabled=true]:opacity-50 peer-disabled:cursor-not-allowed peer-disabled:opacity-50 data-[error=true]:text-destructive text-sm font-medium text-foreground"
                data-error="false"
                data-slot="form-label"
                for="_r_5_-form-item"
              >
                Date of Birth
              </label>
              <input
                aria-describedby="_r_5_-form-item-description"
                aria-invalid="false"
                aria-label="Date of Birth"
                autocomplete="bday"
                class="file:text-foreground placeholder:text-muted-foreground selection:bg-primary selection:text-primary-foreground dark:bg-input/30 border-input h-9 w-full min-w-0 border bg-transparent px-3 py-1 text-base shadow-xs transition-[color,box-shadow] outline-none file:inline-flex file:h-7 file:border-0 file:bg-transparent file:text-sm file:font-medium disabled:pointer-events-none disabled:cursor-not-allowed disabled:opacity-50 md:text-sm focus-visible:border-ring focus-visible:ring-ring/50 focus-visible:ring-[3px] aria-invalid:ring-destructive/20 dark:aria-invalid:ring-destructive/40 aria-invalid:border-destructive rounded-md"
                data-slot="form-control"
                id="_r_5_-form-item"
                name="birthday"
                type="date"
                value=""
              />
            </div>
          </div>
          <div
            class="flex gap-3 pt-2 justify-center"
          >
            <button
              class="inline-flex items-center justify-center gap-2 whitespace-nowrap text-sm font-medium transition-all disabled:pointer-events-none disabled:opacity-50 [&_svg]:pointer-events-none [&_svg:not([class*='size-'])]:size-4 shrink-0 [&_svg]:shrink-0 outline-none focus-visible:border-ring focus-visible:ring-ring/50 focus-visible:ring-[3px] aria-invalid:ring-destructive/20 dark:aria-invalid:ring-destructive/40 aria-invalid:border-destructive h-9 py-2 has-[>svg]:px-3 rounded-md bg-primary hover:bg-primary/90 text-primary-foreground px-6"
              data-size="default"
              data-slot="button"
              data-variant="default"
              type="submit"
            >
              Save
            </button>
          </div>
        </div>
      </form>
    </div>
  </div>
</div>
`;

exports[`CustomerProfileForm stories snapshot > Interactive story renders and matches snapshot 1`] = `
<div>
  <div
    class="p-8 max-w-2xl"
  >
    <div
      class="w-full"
    >
      <form
        data-testid="customer-profile-form"
      >
        <div
          class="space-y-4"
        >
          <div
            class="grid grid-cols-1 md:grid-cols-2 gap-4"
          >
            <div
              class="grid gap-2"
              data-slot="form-item"
            >
              <label
                class="flex items-center gap-2 select-none group-data-[disabled=true]:pointer-events-none group-data-[disabled=true]:opacity-50 peer-disabled:cursor-not-allowed peer-disabled:opacity-50 data-[error=true]:text-destructive text-sm font-medium text-foreground"
                data-error="false"
                data-slot="form-label"
                for="_r_c_-form-item"
              >
                First Name
              </label>
              <input
                aria-describedby="_r_c_-form-item-description"
                aria-invalid="false"
                autocomplete="given-name"
                class="file:text-foreground placeholder:text-muted-foreground selection:bg-primary selection:text-primary-foreground dark:bg-input/30 border-input h-9 w-full min-w-0 border bg-transparent px-3 py-1 text-base shadow-xs transition-[color,box-shadow] outline-none file:inline-flex file:h-7 file:border-0 file:bg-transparent file:text-sm file:font-medium disabled:pointer-events-none disabled:cursor-not-allowed disabled:opacity-50 md:text-sm focus-visible:border-ring focus-visible:ring-ring/50 focus-visible:ring-[3px] aria-invalid:ring-destructive/20 dark:aria-invalid:ring-destructive/40 aria-invalid:border-destructive rounded-md"
                data-slot="form-control"
                id="_r_c_-form-item"
                name="firstName"
                placeholder="Enter your first name"
                type="text"
                value=""
              />
            </div>
            <div
              class="grid gap-2"
              data-slot="form-item"
            >
              <label
                class="flex items-center gap-2 select-none group-data-[disabled=true]:pointer-events-none group-data-[disabled=true]:opacity-50 peer-disabled:cursor-not-allowed peer-disabled:opacity-50 data-[error=true]:text-destructive text-sm font-medium text-foreground"
                data-error="false"
                data-slot="form-label"
                for="_r_d_-form-item"
              >
                Last Name
              </label>
              <input
                aria-describedby="_r_d_-form-item-description"
                aria-invalid="false"
                autocomplete="family-name"
                class="file:text-foreground placeholder:text-muted-foreground selection:bg-primary selection:text-primary-foreground dark:bg-input/30 border-input h-9 w-full min-w-0 border bg-transparent px-3 py-1 text-base shadow-xs transition-[color,box-shadow] outline-none file:inline-flex file:h-7 file:border-0 file:bg-transparent file:text-sm file:font-medium disabled:pointer-events-none disabled:cursor-not-allowed disabled:opacity-50 md:text-sm focus-visible:border-ring focus-visible:ring-ring/50 focus-visible:ring-[3px] aria-invalid:ring-destructive/20 dark:aria-invalid:ring-destructive/40 aria-invalid:border-destructive rounded-md"
                data-slot="form-control"
                id="_r_d_-form-item"
                name="lastName"
                placeholder="Enter your last name"
                type="text"
                value=""
              />
            </div>
          </div>
          <div
            class="grid gap-2"
            data-slot="form-item"
          >
            <label
              class="flex items-center gap-2 select-none group-data-[disabled=true]:pointer-events-none group-data-[disabled=true]:opacity-50 peer-disabled:cursor-not-allowed peer-disabled:opacity-50 data-[error=true]:text-destructive text-sm font-medium text-foreground"
              data-error="false"
              data-slot="form-label"
              for="_r_e_-form-item"
            >
              Email Address
            </label>
            <input
              aria-describedby="_r_e_-form-item-description"
              aria-invalid="false"
              autocomplete="email"
              class="file:text-foreground placeholder:text-muted-foreground selection:bg-primary selection:text-primary-foreground dark:bg-input/30 border-input h-9 w-full min-w-0 border bg-transparent px-3 py-1 text-base shadow-xs transition-[color,box-shadow] outline-none file:inline-flex file:h-7 file:border-0 file:bg-transparent file:text-sm file:font-medium disabled:pointer-events-none disabled:cursor-not-allowed disabled:opacity-50 md:text-sm focus-visible:border-ring focus-visible:ring-ring/50 focus-visible:ring-[3px] aria-invalid:ring-destructive/20 dark:aria-invalid:ring-destructive/40 aria-invalid:border-destructive rounded-md"
              data-slot="form-control"
              id="_r_e_-form-item"
              name="email"
              placeholder="you@email.com"
              type="email"
              value=""
            />
          </div>
          <div
            class="grid gap-2"
            data-slot="form-item"
          >
            <label
              class="flex items-center gap-2 select-none group-data-[disabled=true]:pointer-events-none group-data-[disabled=true]:opacity-50 peer-disabled:cursor-not-allowed peer-disabled:opacity-50 data-[error=true]:text-destructive text-sm font-medium text-foreground"
              data-error="false"
              data-slot="form-label"
              for="_r_f_-form-item"
            >
              Phone Number
            </label>
            <input
              aria-describedby="_r_f_-form-item-description"
              aria-invalid="false"
              autocomplete="tel"
              class="file:text-foreground placeholder:text-muted-foreground selection:bg-primary selection:text-primary-foreground dark:bg-input/30 border-input h-9 w-full min-w-0 border bg-transparent px-3 py-1 text-base shadow-xs transition-[color,box-shadow] outline-none file:inline-flex file:h-7 file:border-0 file:bg-transparent file:text-sm file:font-medium disabled:pointer-events-none disabled:cursor-not-allowed disabled:opacity-50 md:text-sm focus-visible:border-ring focus-visible:ring-ring/50 focus-visible:ring-[3px] aria-invalid:ring-destructive/20 dark:aria-invalid:ring-destructive/40 aria-invalid:border-destructive rounded-md"
              data-slot="form-control"
              id="_r_f_-form-item"
              inputmode="numeric"
              name="phone"
              placeholder="Enter your phone number"
              type="tel"
              value=""
            />
          </div>
          <div
            class="grid grid-cols-1 md:grid-cols-2 gap-4"
          >
            <div
              class="grid gap-2 [&_[data-slot=native-select-wrapper]]:w-full"
              data-slot="form-item"
            >
              <label
                class="flex items-center gap-2 select-none group-data-[disabled=true]:pointer-events-none group-data-[disabled=true]:opacity-50 peer-disabled:cursor-not-allowed peer-disabled:opacity-50 data-[error=true]:text-destructive text-sm font-medium text-foreground"
                data-error="false"
                data-slot="form-label"
                for="_r_g_-form-item"
              >
                Gender
              </label>
              <div
                class="group/native-select relative w-fit has-[select:disabled]:opacity-50"
                data-slot="native-select-wrapper"
              >
                <select
                  aria-describedby="_r_g_-form-item-description"
                  aria-invalid="false"
                  aria-label="Gender"
                  class="border-input placeholder:text-muted-foreground selection:bg-primary selection:text-primary-foreground dark:bg-input/30 dark:hover:bg-input/50 h-9 min-w-0 appearance-none border bg-transparent px-3 py-2 pr-9 text-sm shadow-xs transition-[color,box-shadow] outline-none disabled:pointer-events-none disabled:cursor-not-allowed data-[size=sm]:h-8 data-[size=sm]:py-1 focus-visible:border-ring focus-visible:ring-ring/50 focus-visible:ring-[3px] aria-invalid:ring-destructive/20 dark:aria-invalid:ring-destructive/40 aria-invalid:border-destructive w-full rounded-md"
                  data-size="default"
                  data-slot="form-control"
                  id="_r_g_-form-item"
                  name="gender"
                >
                  <option
                    value=""
                  >
                    Select gender
                  </option>
                  <option
                    value="1"
                  >
                    Male
                  </option>
                  <option
                    value="2"
                  >
                    Female
                  </option>
                </select>
                <svg
                  aria-hidden="true"
                  class="lucide lucide-chevron-down text-muted-foreground pointer-events-none absolute top-1/2 right-3.5 size-4 -translate-y-1/2 opacity-50 select-none"
                  data-slot="native-select-icon"
                  fill="none"
                  height="24"
                  stroke="currentColor"
                  stroke-linecap="round"
                  stroke-linejoin="round"
                  stroke-width="2"
                  viewBox="0 0 24 24"
                  width="24"
                  xmlns="http://www.w3.org/2000/svg"
                >
                  <path
                    d="m6 9 6 6 6-6"
                  />
                </svg>
              </div>
            </div>
            <div
              class="grid gap-2"
              data-slot="form-item"
            >
              <label
                class="flex items-center gap-2 select-none group-data-[disabled=true]:pointer-events-none group-data-[disabled=true]:opacity-50 peer-disabled:cursor-not-allowed peer-disabled:opacity-50 data-[error=true]:text-destructive text-sm font-medium text-foreground"
                data-error="false"
                data-slot="form-label"
                for="_r_h_-form-item"
              >
                Date of Birth
              </label>
              <input
                aria-describedby="_r_h_-form-item-description"
                aria-invalid="false"
                aria-label="Date of Birth"
                autocomplete="bday"
                class="file:text-foreground placeholder:text-muted-foreground selection:bg-primary selection:text-primary-foreground dark:bg-input/30 border-input h-9 w-full min-w-0 border bg-transparent px-3 py-1 text-base shadow-xs transition-[color,box-shadow] outline-none file:inline-flex file:h-7 file:border-0 file:bg-transparent file:text-sm file:font-medium disabled:pointer-events-none disabled:cursor-not-allowed disabled:opacity-50 md:text-sm focus-visible:border-ring focus-visible:ring-ring/50 focus-visible:ring-[3px] aria-invalid:ring-destructive/20 dark:aria-invalid:ring-destructive/40 aria-invalid:border-destructive rounded-md"
                data-slot="form-control"
                id="_r_h_-form-item"
                name="birthday"
                type="date"
                value=""
              />
            </div>
          </div>
          <div
            class="flex gap-3 pt-2 justify-center"
          >
            <button
              class="inline-flex items-center justify-center gap-2 whitespace-nowrap text-sm font-medium transition-all disabled:pointer-events-none disabled:opacity-50 [&_svg]:pointer-events-none [&_svg:not([class*='size-'])]:size-4 shrink-0 [&_svg]:shrink-0 outline-none focus-visible:border-ring focus-visible:ring-ring/50 focus-visible:ring-[3px] aria-invalid:ring-destructive/20 dark:aria-invalid:ring-destructive/40 aria-invalid:border-destructive h-9 py-2 has-[>svg]:px-3 rounded-md bg-primary hover:bg-primary/90 text-primary-foreground px-6"
              data-size="default"
              data-slot="button"
              data-variant="default"
              type="submit"
            >
              Save
            </button>
          </div>
        </div>
      </form>
    </div>
  </div>
</div>
`;

exports[`CustomerProfileForm stories snapshot > WithInitialData story renders and matches snapshot 1`] = `
<div>
  <div
    class="p-8 max-w-2xl"
  >
    <div
      class="w-full"
    >
      <form
        data-testid="customer-profile-form"
      >
        <div
          class="space-y-4"
        >
          <div
            class="grid grid-cols-1 md:grid-cols-2 gap-4"
          >
            <div
              class="grid gap-2"
              data-slot="form-item"
            >
              <label
                class="flex items-center gap-2 select-none group-data-[disabled=true]:pointer-events-none group-data-[disabled=true]:opacity-50 peer-disabled:cursor-not-allowed peer-disabled:opacity-50 data-[error=true]:text-destructive text-sm font-medium text-foreground"
                data-error="false"
                data-slot="form-label"
                for="_r_6_-form-item"
              >
                First Name
              </label>
              <input
                aria-describedby="_r_6_-form-item-description"
                aria-invalid="false"
                autocomplete="given-name"
                class="file:text-foreground placeholder:text-muted-foreground selection:bg-primary selection:text-primary-foreground dark:bg-input/30 border-input h-9 w-full min-w-0 border bg-transparent px-3 py-1 text-base shadow-xs transition-[color,box-shadow] outline-none file:inline-flex file:h-7 file:border-0 file:bg-transparent file:text-sm file:font-medium disabled:pointer-events-none disabled:cursor-not-allowed disabled:opacity-50 md:text-sm focus-visible:border-ring focus-visible:ring-ring/50 focus-visible:ring-[3px] aria-invalid:ring-destructive/20 dark:aria-invalid:ring-destructive/40 aria-invalid:border-destructive rounded-md"
                data-slot="form-control"
                id="_r_6_-form-item"
                name="firstName"
                placeholder="Enter your first name"
                type="text"
                value="John"
              />
            </div>
            <div
              class="grid gap-2"
              data-slot="form-item"
            >
              <label
                class="flex items-center gap-2 select-none group-data-[disabled=true]:pointer-events-none group-data-[disabled=true]:opacity-50 peer-disabled:cursor-not-allowed peer-disabled:opacity-50 data-[error=true]:text-destructive text-sm font-medium text-foreground"
                data-error="false"
                data-slot="form-label"
                for="_r_7_-form-item"
              >
                Last Name
              </label>
              <input
                aria-describedby="_r_7_-form-item-description"
                aria-invalid="false"
                autocomplete="family-name"
                class="file:text-foreground placeholder:text-muted-foreground selection:bg-primary selection:text-primary-foreground dark:bg-input/30 border-input h-9 w-full min-w-0 border bg-transparent px-3 py-1 text-base shadow-xs transition-[color,box-shadow] outline-none file:inline-flex file:h-7 file:border-0 file:bg-transparent file:text-sm file:font-medium disabled:pointer-events-none disabled:cursor-not-allowed disabled:opacity-50 md:text-sm focus-visible:border-ring focus-visible:ring-ring/50 focus-visible:ring-[3px] aria-invalid:ring-destructive/20 dark:aria-invalid:ring-destructive/40 aria-invalid:border-destructive rounded-md"
                data-slot="form-control"
                id="_r_7_-form-item"
                name="lastName"
                placeholder="Enter your last name"
                type="text"
                value="Doe"
              />
            </div>
          </div>
          <div
            class="grid gap-2"
            data-slot="form-item"
          >
            <label
              class="flex items-center gap-2 select-none group-data-[disabled=true]:pointer-events-none group-data-[disabled=true]:opacity-50 peer-disabled:cursor-not-allowed peer-disabled:opacity-50 data-[error=true]:text-destructive text-sm font-medium text-foreground"
              data-error="false"
              data-slot="form-label"
              for="_r_8_-form-item"
            >
              Email Address
            </label>
            <input
              aria-describedby="_r_8_-form-item-description"
              aria-invalid="false"
              autocomplete="email"
              class="file:text-foreground placeholder:text-muted-foreground selection:bg-primary selection:text-primary-foreground dark:bg-input/30 border-input h-9 w-full min-w-0 border bg-transparent px-3 py-1 text-base shadow-xs transition-[color,box-shadow] outline-none file:inline-flex file:h-7 file:border-0 file:bg-transparent file:text-sm file:font-medium disabled:pointer-events-none disabled:cursor-not-allowed disabled:opacity-50 md:text-sm focus-visible:border-ring focus-visible:ring-ring/50 focus-visible:ring-[3px] aria-invalid:ring-destructive/20 dark:aria-invalid:ring-destructive/40 aria-invalid:border-destructive rounded-md"
              data-slot="form-control"
              id="_r_8_-form-item"
              name="email"
              placeholder="you@email.com"
              type="email"
              value="john.doe@example.com"
            />
          </div>
          <div
            class="grid gap-2"
            data-slot="form-item"
          >
            <label
              class="flex items-center gap-2 select-none group-data-[disabled=true]:pointer-events-none group-data-[disabled=true]:opacity-50 peer-disabled:cursor-not-allowed peer-disabled:opacity-50 data-[error=true]:text-destructive text-sm font-medium text-foreground"
              data-error="false"
              data-slot="form-label"
              for="_r_9_-form-item"
            >
              Phone Number
            </label>
            <input
              aria-describedby="_r_9_-form-item-description"
              aria-invalid="false"
              autocomplete="tel"
              class="file:text-foreground placeholder:text-muted-foreground selection:bg-primary selection:text-primary-foreground dark:bg-input/30 border-input h-9 w-full min-w-0 border bg-transparent px-3 py-1 text-base shadow-xs transition-[color,box-shadow] outline-none file:inline-flex file:h-7 file:border-0 file:bg-transparent file:text-sm file:font-medium disabled:pointer-events-none disabled:cursor-not-allowed disabled:opacity-50 md:text-sm focus-visible:border-ring focus-visible:ring-ring/50 focus-visible:ring-[3px] aria-invalid:ring-destructive/20 dark:aria-invalid:ring-destructive/40 aria-invalid:border-destructive rounded-md"
              data-slot="form-control"
              id="_r_9_-form-item"
              inputmode="numeric"
              name="phone"
              placeholder="Enter your phone number"
              type="tel"
              value="555-1234"
            />
          </div>
          <div
            class="grid grid-cols-1 md:grid-cols-2 gap-4"
          >
            <div
              class="grid gap-2 [&_[data-slot=native-select-wrapper]]:w-full"
              data-slot="form-item"
            >
              <label
                class="flex items-center gap-2 select-none group-data-[disabled=true]:pointer-events-none group-data-[disabled=true]:opacity-50 peer-disabled:cursor-not-allowed peer-disabled:opacity-50 data-[error=true]:text-destructive text-sm font-medium text-foreground"
                data-error="false"
                data-slot="form-label"
                for="_r_a_-form-item"
              >
                Gender
              </label>
              <div
                class="group/native-select relative w-fit has-[select:disabled]:opacity-50"
                data-slot="native-select-wrapper"
              >
                <select
                  aria-describedby="_r_a_-form-item-description"
                  aria-invalid="false"
                  aria-label="Gender"
                  class="border-input placeholder:text-muted-foreground selection:bg-primary selection:text-primary-foreground dark:bg-input/30 dark:hover:bg-input/50 h-9 min-w-0 appearance-none border bg-transparent px-3 py-2 pr-9 text-sm shadow-xs transition-[color,box-shadow] outline-none disabled:pointer-events-none disabled:cursor-not-allowed data-[size=sm]:h-8 data-[size=sm]:py-1 focus-visible:border-ring focus-visible:ring-ring/50 focus-visible:ring-[3px] aria-invalid:ring-destructive/20 dark:aria-invalid:ring-destructive/40 aria-invalid:border-destructive w-full rounded-md"
                  data-size="default"
                  data-slot="form-control"
                  id="_r_a_-form-item"
                  name="gender"
                >
                  <option
                    value=""
                  >
                    Select gender
                  </option>
                  <option
                    value="1"
                  >
                    Male
                  </option>
                  <option
                    value="2"
                  >
                    Female
                  </option>
                </select>
                <svg
                  aria-hidden="true"
                  class="lucide lucide-chevron-down text-muted-foreground pointer-events-none absolute top-1/2 right-3.5 size-4 -translate-y-1/2 opacity-50 select-none"
                  data-slot="native-select-icon"
                  fill="none"
                  height="24"
                  stroke="currentColor"
                  stroke-linecap="round"
                  stroke-linejoin="round"
                  stroke-width="2"
                  viewBox="0 0 24 24"
                  width="24"
                  xmlns="http://www.w3.org/2000/svg"
                >
                  <path
                    d="m6 9 6 6 6-6"
                  />
                </svg>
              </div>
            </div>
            <div
              class="grid gap-2"
              data-slot="form-item"
            >
              <label
                class="flex items-center gap-2 select-none group-data-[disabled=true]:pointer-events-none group-data-[disabled=true]:opacity-50 peer-disabled:cursor-not-allowed peer-disabled:opacity-50 data-[error=true]:text-destructive text-sm font-medium text-foreground"
                data-error="false"
                data-slot="form-label"
                for="_r_b_-form-item"
              >
                Date of Birth
              </label>
              <input
                aria-describedby="_r_b_-form-item-description"
                aria-invalid="false"
                aria-label="Date of Birth"
                autocomplete="bday"
                class="file:text-foreground placeholder:text-muted-foreground selection:bg-primary selection:text-primary-foreground dark:bg-input/30 border-input h-9 w-full min-w-0 border bg-transparent px-3 py-1 text-base shadow-xs transition-[color,box-shadow] outline-none file:inline-flex file:h-7 file:border-0 file:bg-transparent file:text-sm file:font-medium disabled:pointer-events-none disabled:cursor-not-allowed disabled:opacity-50 md:text-sm focus-visible:border-ring focus-visible:ring-ring/50 focus-visible:ring-[3px] aria-invalid:ring-destructive/20 dark:aria-invalid:ring-destructive/40 aria-invalid:border-destructive rounded-md"
                data-slot="form-control"
                id="_r_b_-form-item"
                name="birthday"
                type="date"
                value="1990-05-15"
              />
            </div>
          </div>
          <div
            class="flex gap-3 pt-2 justify-center"
          >
            <button
              class="inline-flex items-center justify-center gap-2 whitespace-nowrap text-sm font-medium transition-all disabled:pointer-events-none disabled:opacity-50 [&_svg]:pointer-events-none [&_svg:not([class*='size-'])]:size-4 shrink-0 [&_svg]:shrink-0 outline-none focus-visible:border-ring focus-visible:ring-ring/50 focus-visible:ring-[3px] aria-invalid:ring-destructive/20 dark:aria-invalid:ring-destructive/40 aria-invalid:border-destructive h-9 py-2 has-[>svg]:px-3 rounded-md bg-primary hover:bg-primary/90 text-primary-foreground px-6"
              data-size="default"
              data-slot="button"
              data-variant="default"
              type="submit"
            >
              Save
            </button>
          </div>
        </div>
      </form>
    </div>
  </div>
</div>
`;
