// Vitest Snapshot v1, https://vitest.dev/guide/snapshot.html

exports[`NavigationMenu stories snapshot > Default story renders and matches snapshot 1`] = `null`;

exports[`NavigationMenu stories snapshot > Interactive story renders and matches snapshot 1`] = `null`;

exports[`NavigationMenu stories snapshot > UsingWithCategoryNavigationMenu story renders and matches snapshot 1`] = `null`;

exports[`NavigationMenu stories snapshot > WithNestedCategories story renders and matches snapshot 1`] = `null`;

exports[`NavigationMenu stories snapshot > WithoutViewport story renders and matches snapshot 1`] = `null`;
