// Vitest Snapshot v1, https://vitest.dev/guide/snapshot.html

exports[`RefineColor stories snapshot > Default story renders and matches snapshot 1`] = `
<div
  data-refine-color-harness="true"
>
  <div
    class="grid grid-cols-2 gap-2 mt-2"
  >
    <button
      class="inline-flex items-center justify-center gap-2 whitespace-nowrap rounded-md text-sm font-medium transition-all disabled:pointer-events-none disabled:opacity-50 [&_svg]:pointer-events-none [&_svg:not([class*='size-'])]:size-4 shrink-0 [&_svg]:shrink-0 outline-none focus-visible:border-ring focus-visible:ring-ring/50 focus-visible:ring-[3px] aria-invalid:ring-destructive/20 dark:aria-invalid:ring-destructive/40 aria-invalid:border-destructive border bg-background shadow-xs hover:bg-accent hover:text-accent-foreground dark:bg-input/30 dark:border-input dark:hover:bg-input/50 h-9 px-4 py-2 has-[>svg]:px-3 border-foreground/80"
      data-size="default"
      data-slot="button"
      data-variant="outline"
    >
      <div
        class="relative size-4 rounded-full border-1 flex-shrink-0 border-foreground/80"
        style="background-color: rgb(0, 0, 0);"
      >
        <div
          class="absolute inset-0 flex items-center justify-center"
        >
          <div
            class="w-1.5 h-1.5 rounded-full bg-background"
          />
        </div>
      </div>
      <div
        class="flex items-center justify-between flex-1 min-w-0"
      >
        <span
          class="text-sm font-medium truncate"
        >
          Black
        </span>
        <span
          class="ml-auto text-xs bg-muted/50 px-2 py-1 rounded-full"
        >
          43
        </span>
      </div>
    </button>
    <button
      class="inline-flex items-center justify-center gap-2 whitespace-nowrap rounded-md text-sm font-medium transition-all disabled:pointer-events-none disabled:opacity-50 [&_svg]:pointer-events-none [&_svg:not([class*='size-'])]:size-4 shrink-0 [&_svg]:shrink-0 outline-none focus-visible:border-ring focus-visible:ring-ring/50 focus-visible:ring-[3px] aria-invalid:ring-destructive/20 dark:aria-invalid:ring-destructive/40 aria-invalid:border-destructive border bg-background shadow-xs hover:bg-accent hover:text-accent-foreground dark:bg-input/30 dark:border-input dark:hover:bg-input/50 h-9 px-4 py-2 has-[>svg]:px-3"
      data-size="default"
      data-slot="button"
      data-variant="outline"
    >
      <div
        class="relative size-4 rounded-full border-1 flex-shrink-0 border-border"
        style="background-color: rgb(37, 99, 235);"
      />
      <div
        class="flex items-center justify-between flex-1 min-w-0"
      >
        <span
          class="text-sm font-medium truncate"
        >
          Blue
        </span>
        <span
          class="ml-auto text-xs bg-muted/50 px-2 py-1 rounded-full"
        >
          27
        </span>
      </div>
    </button>
    <button
      class="inline-flex items-center justify-center gap-2 whitespace-nowrap rounded-md text-sm font-medium transition-all disabled:pointer-events-none disabled:opacity-50 [&_svg]:pointer-events-none [&_svg:not([class*='size-'])]:size-4 shrink-0 [&_svg]:shrink-0 outline-none focus-visible:border-ring focus-visible:ring-ring/50 focus-visible:ring-[3px] aria-invalid:ring-destructive/20 dark:aria-invalid:ring-destructive/40 aria-invalid:border-destructive border bg-background shadow-xs hover:bg-accent hover:text-accent-foreground dark:bg-input/30 dark:border-input dark:hover:bg-input/50 h-9 px-4 py-2 has-[>svg]:px-3"
      data-size="default"
      data-slot="button"
      data-variant="outline"
    >
      <div
        class="relative size-4 rounded-full border-1 flex-shrink-0 border-border"
        style="background-color: rgb(220, 38, 38);"
      />
      <div
        class="flex items-center justify-between flex-1 min-w-0"
      >
        <span
          class="text-sm font-medium truncate"
        >
          Red
        </span>
        <span
          class="ml-auto text-xs bg-muted/50 px-2 py-1 rounded-full"
        >
          1
        </span>
      </div>
    </button>
    <button
      class="inline-flex items-center justify-center gap-2 whitespace-nowrap rounded-md text-sm font-medium transition-all disabled:pointer-events-none disabled:opacity-50 [&_svg]:pointer-events-none [&_svg:not([class*='size-'])]:size-4 shrink-0 [&_svg]:shrink-0 outline-none focus-visible:border-ring focus-visible:ring-ring/50 focus-visible:ring-[3px] aria-invalid:ring-destructive/20 dark:aria-invalid:ring-destructive/40 aria-invalid:border-destructive border bg-background shadow-xs hover:bg-accent hover:text-accent-foreground dark:bg-input/30 dark:border-input dark:hover:bg-input/50 h-9 px-4 py-2 has-[>svg]:px-3"
      data-size="default"
      data-slot="button"
      data-variant="outline"
    >
      <div
        class="relative size-4 rounded-full border-1 flex-shrink-0 border-border"
        style="background-color: rgb(22, 163, 74);"
      />
      <div
        class="flex items-center justify-between flex-1 min-w-0"
      >
        <span
          class="text-sm font-medium truncate"
        >
          Green
        </span>
        <span
          class="ml-auto text-xs bg-muted/50 px-2 py-1 rounded-full"
        >
          4
        </span>
      </div>
    </button>
    <button
      class="inline-flex items-center justify-center gap-2 whitespace-nowrap rounded-md text-sm font-medium transition-all disabled:pointer-events-none disabled:opacity-50 [&_svg]:pointer-events-none [&_svg:not([class*='size-'])]:size-4 shrink-0 [&_svg]:shrink-0 outline-none focus-visible:border-ring focus-visible:ring-ring/50 focus-visible:ring-[3px] aria-invalid:ring-destructive/20 dark:aria-invalid:ring-destructive/40 aria-invalid:border-destructive border bg-background shadow-xs hover:bg-accent hover:text-accent-foreground dark:bg-input/30 dark:border-input dark:hover:bg-input/50 h-9 px-4 py-2 has-[>svg]:px-3"
      data-size="default"
      data-slot="button"
      data-variant="outline"
    >
      <div
        class="relative size-4 rounded-full border-1 flex-shrink-0 border-border"
        style="background-color: rgb(255, 255, 255);"
      />
      <div
        class="flex items-center justify-between flex-1 min-w-0"
      >
        <span
          class="text-sm font-medium truncate"
        >
          White
        </span>
        <span
          class="ml-auto text-xs bg-muted/50 px-2 py-1 rounded-full"
        >
          30
        </span>
      </div>
    </button>
    <button
      class="inline-flex items-center justify-center gap-2 whitespace-nowrap rounded-md text-sm font-medium transition-all disabled:pointer-events-none disabled:opacity-50 [&_svg]:pointer-events-none [&_svg:not([class*='size-'])]:size-4 shrink-0 [&_svg]:shrink-0 outline-none focus-visible:border-ring focus-visible:ring-ring/50 focus-visible:ring-[3px] aria-invalid:ring-destructive/20 dark:aria-invalid:ring-destructive/40 aria-invalid:border-destructive border bg-background shadow-xs hover:bg-accent hover:text-accent-foreground dark:bg-input/30 dark:border-input dark:hover:bg-input/50 h-9 px-4 py-2 has-[>svg]:px-3"
      data-size="default"
      data-slot="button"
      data-variant="outline"
    >
      <div
        class="relative size-4 rounded-full border-1 flex-shrink-0 border-border"
        style="background-color: rgb(161, 98, 7);"
      />
      <div
        class="flex items-center justify-between flex-1 min-w-0"
      >
        <span
          class="text-sm font-medium truncate"
        >
          Brown
        </span>
        <span
          class="ml-auto text-xs bg-muted/50 px-2 py-1 rounded-full"
        >
          15
        </span>
      </div>
    </button>
  </div>
</div>
`;

exports[`RefineColor stories snapshot > ManyColors story renders and matches snapshot 1`] = `
<div
  data-refine-color-harness="true"
>
  <div
    class="grid grid-cols-2 gap-2 mt-2"
  >
    <button
      class="inline-flex items-center justify-center gap-2 whitespace-nowrap rounded-md text-sm font-medium transition-all disabled:pointer-events-none disabled:opacity-50 [&_svg]:pointer-events-none [&_svg:not([class*='size-'])]:size-4 shrink-0 [&_svg]:shrink-0 outline-none focus-visible:border-ring focus-visible:ring-ring/50 focus-visible:ring-[3px] aria-invalid:ring-destructive/20 dark:aria-invalid:ring-destructive/40 aria-invalid:border-destructive border bg-background shadow-xs hover:bg-accent hover:text-accent-foreground dark:bg-input/30 dark:border-input dark:hover:bg-input/50 h-9 px-4 py-2 has-[>svg]:px-3 border-foreground/80"
      data-size="default"
      data-slot="button"
      data-variant="outline"
    >
      <div
        class="relative size-4 rounded-full border-1 flex-shrink-0 border-foreground/80"
        style="background-color: rgb(0, 0, 0);"
      >
        <div
          class="absolute inset-0 flex items-center justify-center"
        >
          <div
            class="w-1.5 h-1.5 rounded-full bg-background"
          />
        </div>
      </div>
      <div
        class="flex items-center justify-between flex-1 min-w-0"
      >
        <span
          class="text-sm font-medium truncate"
        >
          Black
        </span>
        <span
          class="ml-auto text-xs bg-muted/50 px-2 py-1 rounded-full"
        >
          43
        </span>
      </div>
    </button>
    <button
      class="inline-flex items-center justify-center gap-2 whitespace-nowrap rounded-md text-sm font-medium transition-all disabled:pointer-events-none disabled:opacity-50 [&_svg]:pointer-events-none [&_svg:not([class*='size-'])]:size-4 shrink-0 [&_svg]:shrink-0 outline-none focus-visible:border-ring focus-visible:ring-ring/50 focus-visible:ring-[3px] aria-invalid:ring-destructive/20 dark:aria-invalid:ring-destructive/40 aria-invalid:border-destructive border bg-background shadow-xs hover:bg-accent hover:text-accent-foreground dark:bg-input/30 dark:border-input dark:hover:bg-input/50 h-9 px-4 py-2 has-[>svg]:px-3"
      data-size="default"
      data-slot="button"
      data-variant="outline"
    >
      <div
        class="relative size-4 rounded-full border-1 flex-shrink-0 border-border"
        style="background-color: rgb(37, 99, 235);"
      />
      <div
        class="flex items-center justify-between flex-1 min-w-0"
      >
        <span
          class="text-sm font-medium truncate"
        >
          Blue
        </span>
        <span
          class="ml-auto text-xs bg-muted/50 px-2 py-1 rounded-full"
        >
          27
        </span>
      </div>
    </button>
    <button
      class="inline-flex items-center justify-center gap-2 whitespace-nowrap rounded-md text-sm font-medium transition-all disabled:pointer-events-none disabled:opacity-50 [&_svg]:pointer-events-none [&_svg:not([class*='size-'])]:size-4 shrink-0 [&_svg]:shrink-0 outline-none focus-visible:border-ring focus-visible:ring-ring/50 focus-visible:ring-[3px] aria-invalid:ring-destructive/20 dark:aria-invalid:ring-destructive/40 aria-invalid:border-destructive border bg-background shadow-xs hover:bg-accent hover:text-accent-foreground dark:bg-input/30 dark:border-input dark:hover:bg-input/50 h-9 px-4 py-2 has-[>svg]:px-3"
      data-size="default"
      data-slot="button"
      data-variant="outline"
    >
      <div
        class="relative size-4 rounded-full border-1 flex-shrink-0 border-border"
        style="background-color: rgb(220, 38, 38);"
      />
      <div
        class="flex items-center justify-between flex-1 min-w-0"
      >
        <span
          class="text-sm font-medium truncate"
        >
          Red
        </span>
        <span
          class="ml-auto text-xs bg-muted/50 px-2 py-1 rounded-full"
        >
          1
        </span>
      </div>
    </button>
    <button
      class="inline-flex items-center justify-center gap-2 whitespace-nowrap rounded-md text-sm font-medium transition-all disabled:pointer-events-none disabled:opacity-50 [&_svg]:pointer-events-none [&_svg:not([class*='size-'])]:size-4 shrink-0 [&_svg]:shrink-0 outline-none focus-visible:border-ring focus-visible:ring-ring/50 focus-visible:ring-[3px] aria-invalid:ring-destructive/20 dark:aria-invalid:ring-destructive/40 aria-invalid:border-destructive border bg-background shadow-xs hover:bg-accent hover:text-accent-foreground dark:bg-input/30 dark:border-input dark:hover:bg-input/50 h-9 px-4 py-2 has-[>svg]:px-3"
      data-size="default"
      data-slot="button"
      data-variant="outline"
    >
      <div
        class="relative size-4 rounded-full border-1 flex-shrink-0 border-border"
        style="background-color: rgb(22, 163, 74);"
      />
      <div
        class="flex items-center justify-between flex-1 min-w-0"
      >
        <span
          class="text-sm font-medium truncate"
        >
          Green
        </span>
        <span
          class="ml-auto text-xs bg-muted/50 px-2 py-1 rounded-full"
        >
          4
        </span>
      </div>
    </button>
    <button
      class="inline-flex items-center justify-center gap-2 whitespace-nowrap rounded-md text-sm font-medium transition-all disabled:pointer-events-none disabled:opacity-50 [&_svg]:pointer-events-none [&_svg:not([class*='size-'])]:size-4 shrink-0 [&_svg]:shrink-0 outline-none focus-visible:border-ring focus-visible:ring-ring/50 focus-visible:ring-[3px] aria-invalid:ring-destructive/20 dark:aria-invalid:ring-destructive/40 aria-invalid:border-destructive border bg-background shadow-xs hover:bg-accent hover:text-accent-foreground dark:bg-input/30 dark:border-input dark:hover:bg-input/50 h-9 px-4 py-2 has-[>svg]:px-3"
      data-size="default"
      data-slot="button"
      data-variant="outline"
    >
      <div
        class="relative size-4 rounded-full border-1 flex-shrink-0 border-border"
        style="background-color: rgb(255, 255, 255);"
      />
      <div
        class="flex items-center justify-between flex-1 min-w-0"
      >
        <span
          class="text-sm font-medium truncate"
        >
          White
        </span>
        <span
          class="ml-auto text-xs bg-muted/50 px-2 py-1 rounded-full"
        >
          30
        </span>
      </div>
    </button>
    <button
      class="inline-flex items-center justify-center gap-2 whitespace-nowrap rounded-md text-sm font-medium transition-all disabled:pointer-events-none disabled:opacity-50 [&_svg]:pointer-events-none [&_svg:not([class*='size-'])]:size-4 shrink-0 [&_svg]:shrink-0 outline-none focus-visible:border-ring focus-visible:ring-ring/50 focus-visible:ring-[3px] aria-invalid:ring-destructive/20 dark:aria-invalid:ring-destructive/40 aria-invalid:border-destructive border bg-background shadow-xs hover:bg-accent hover:text-accent-foreground dark:bg-input/30 dark:border-input dark:hover:bg-input/50 h-9 px-4 py-2 has-[>svg]:px-3"
      data-size="default"
      data-slot="button"
      data-variant="outline"
    >
      <div
        class="relative size-4 rounded-full border-1 flex-shrink-0 border-border"
        style="background-color: rgb(161, 98, 7);"
      />
      <div
        class="flex items-center justify-between flex-1 min-w-0"
      >
        <span
          class="text-sm font-medium truncate"
        >
          Brown
        </span>
        <span
          class="ml-auto text-xs bg-muted/50 px-2 py-1 rounded-full"
        >
          15
        </span>
      </div>
    </button>
    <button
      class="inline-flex items-center justify-center gap-2 whitespace-nowrap rounded-md text-sm font-medium transition-all disabled:pointer-events-none disabled:opacity-50 [&_svg]:pointer-events-none [&_svg:not([class*='size-'])]:size-4 shrink-0 [&_svg]:shrink-0 outline-none focus-visible:border-ring focus-visible:ring-ring/50 focus-visible:ring-[3px] aria-invalid:ring-destructive/20 dark:aria-invalid:ring-destructive/40 aria-invalid:border-destructive border bg-background shadow-xs hover:bg-accent hover:text-accent-foreground dark:bg-input/30 dark:border-input dark:hover:bg-input/50 h-9 px-4 py-2 has-[>svg]:px-3"
      data-size="default"
      data-slot="button"
      data-variant="outline"
    >
      <div
        class="relative size-4 rounded-full border-1 flex-shrink-0 border-border"
        style="background-color: rgb(219, 39, 119);"
      />
      <div
        class="flex items-center justify-between flex-1 min-w-0"
      >
        <span
          class="text-sm font-medium truncate"
        >
          Pink
        </span>
        <span
          class="ml-auto text-xs bg-muted/50 px-2 py-1 rounded-full"
        >
          3
        </span>
      </div>
    </button>
    <button
      class="inline-flex items-center justify-center gap-2 whitespace-nowrap rounded-md text-sm font-medium transition-all disabled:pointer-events-none disabled:opacity-50 [&_svg]:pointer-events-none [&_svg:not([class*='size-'])]:size-4 shrink-0 [&_svg]:shrink-0 outline-none focus-visible:border-ring focus-visible:ring-ring/50 focus-visible:ring-[3px] aria-invalid:ring-destructive/20 dark:aria-invalid:ring-destructive/40 aria-invalid:border-destructive border bg-background shadow-xs hover:bg-accent hover:text-accent-foreground dark:bg-input/30 dark:border-input dark:hover:bg-input/50 h-9 px-4 py-2 has-[>svg]:px-3"
      data-size="default"
      data-slot="button"
      data-variant="outline"
    >
      <div
        class="relative size-4 rounded-full border-1 flex-shrink-0 border-border"
        style="background-color: rgb(147, 51, 234);"
      />
      <div
        class="flex items-center justify-between flex-1 min-w-0"
      >
        <span
          class="text-sm font-medium truncate"
        >
          Purple
        </span>
        <span
          class="ml-auto text-xs bg-muted/50 px-2 py-1 rounded-full"
        >
          0
        </span>
      </div>
    </button>
    <button
      class="inline-flex items-center justify-center gap-2 whitespace-nowrap rounded-md text-sm font-medium transition-all disabled:pointer-events-none disabled:opacity-50 [&_svg]:pointer-events-none [&_svg:not([class*='size-'])]:size-4 shrink-0 [&_svg]:shrink-0 outline-none focus-visible:border-ring focus-visible:ring-ring/50 focus-visible:ring-[3px] aria-invalid:ring-destructive/20 dark:aria-invalid:ring-destructive/40 aria-invalid:border-destructive border bg-background shadow-xs hover:bg-accent hover:text-accent-foreground dark:bg-input/30 dark:border-input dark:hover:bg-input/50 h-9 px-4 py-2 has-[>svg]:px-3"
      data-size="default"
      data-slot="button"
      data-variant="outline"
    >
      <div
        class="relative size-4 rounded-full border-1 flex-shrink-0 border-border"
        style="background-color: rgb(202, 138, 4);"
      />
      <div
        class="flex items-center justify-between flex-1 min-w-0"
      >
        <span
          class="text-sm font-medium truncate"
        >
          Yellow
        </span>
        <span
          class="ml-auto text-xs bg-muted/50 px-2 py-1 rounded-full"
        >
          0
        </span>
      </div>
    </button>
    <button
      class="inline-flex items-center justify-center gap-2 whitespace-nowrap rounded-md text-sm font-medium transition-all disabled:pointer-events-none disabled:opacity-50 [&_svg]:pointer-events-none [&_svg:not([class*='size-'])]:size-4 shrink-0 [&_svg]:shrink-0 outline-none focus-visible:border-ring focus-visible:ring-ring/50 focus-visible:ring-[3px] aria-invalid:ring-destructive/20 dark:aria-invalid:ring-destructive/40 aria-invalid:border-destructive border bg-background shadow-xs hover:bg-accent hover:text-accent-foreground dark:bg-input/30 dark:border-input dark:hover:bg-input/50 h-9 px-4 py-2 has-[>svg]:px-3"
      data-size="default"
      data-slot="button"
      data-variant="outline"
    >
      <div
        class="relative size-4 rounded-full border-1 flex-shrink-0 border-border"
        style="background-color: rgb(234, 88, 12);"
      />
      <div
        class="flex items-center justify-between flex-1 min-w-0"
      >
        <span
          class="text-sm font-medium truncate"
        >
          Orange
        </span>
        <span
          class="ml-auto text-xs bg-muted/50 px-2 py-1 rounded-full"
        >
          0
        </span>
      </div>
    </button>
    <button
      class="inline-flex items-center justify-center gap-2 whitespace-nowrap rounded-md text-sm font-medium transition-all disabled:pointer-events-none disabled:opacity-50 [&_svg]:pointer-events-none [&_svg:not([class*='size-'])]:size-4 shrink-0 [&_svg]:shrink-0 outline-none focus-visible:border-ring focus-visible:ring-ring/50 focus-visible:ring-[3px] aria-invalid:ring-destructive/20 dark:aria-invalid:ring-destructive/40 aria-invalid:border-destructive border bg-background shadow-xs hover:bg-accent hover:text-accent-foreground dark:bg-input/30 dark:border-input dark:hover:bg-input/50 h-9 px-4 py-2 has-[>svg]:px-3"
      data-size="default"
      data-slot="button"
      data-variant="outline"
    >
      <div
        class="relative size-4 rounded-full border-1 flex-shrink-0 border-border"
        style="background-color: rgb(107, 114, 128);"
      />
      <div
        class="flex items-center justify-between flex-1 min-w-0"
      >
        <span
          class="text-sm font-medium truncate"
        >
          Grey
        </span>
        <span
          class="ml-auto text-xs bg-muted/50 px-2 py-1 rounded-full"
        >
          13
        </span>
      </div>
    </button>
    <button
      class="inline-flex items-center justify-center gap-2 whitespace-nowrap rounded-md text-sm font-medium transition-all disabled:pointer-events-none disabled:opacity-50 [&_svg]:pointer-events-none [&_svg:not([class*='size-'])]:size-4 shrink-0 [&_svg]:shrink-0 outline-none focus-visible:border-ring focus-visible:ring-ring/50 focus-visible:ring-[3px] aria-invalid:ring-destructive/20 dark:aria-invalid:ring-destructive/40 aria-invalid:border-destructive border bg-background shadow-xs hover:bg-accent hover:text-accent-foreground dark:bg-input/30 dark:border-input dark:hover:bg-input/50 h-9 px-4 py-2 has-[>svg]:px-3"
      data-size="default"
      data-slot="button"
      data-variant="outline"
    >
      <div
        class="relative size-4 rounded-full border-1 flex-shrink-0 border-border"
        style="background-color: rgb(30, 58, 138);"
      />
      <div
        class="flex items-center justify-between flex-1 min-w-0"
      >
        <span
          class="text-sm font-medium truncate"
        >
          Navy
        </span>
        <span
          class="ml-auto text-xs bg-muted/50 px-2 py-1 rounded-full"
        >
          0
        </span>
      </div>
    </button>
  </div>
</div>
`;

exports[`RefineColor stories snapshot > NoSelectedColors story renders and matches snapshot 1`] = `
<div
  data-refine-color-harness="true"
>
  <div
    class="grid grid-cols-2 gap-2 mt-2"
  >
    <button
      class="inline-flex items-center justify-center gap-2 whitespace-nowrap rounded-md text-sm font-medium transition-all disabled:pointer-events-none disabled:opacity-50 [&_svg]:pointer-events-none [&_svg:not([class*='size-'])]:size-4 shrink-0 [&_svg]:shrink-0 outline-none focus-visible:border-ring focus-visible:ring-ring/50 focus-visible:ring-[3px] aria-invalid:ring-destructive/20 dark:aria-invalid:ring-destructive/40 aria-invalid:border-destructive border bg-background shadow-xs hover:bg-accent hover:text-accent-foreground dark:bg-input/30 dark:border-input dark:hover:bg-input/50 h-9 px-4 py-2 has-[>svg]:px-3"
      data-size="default"
      data-slot="button"
      data-variant="outline"
    >
      <div
        class="relative size-4 rounded-full border-1 flex-shrink-0 border-border"
        style="background-color: rgb(0, 0, 0);"
      />
      <div
        class="flex items-center justify-between flex-1 min-w-0"
      >
        <span
          class="text-sm font-medium truncate"
        >
          Black
        </span>
        <span
          class="ml-auto text-xs bg-muted/50 px-2 py-1 rounded-full"
        >
          43
        </span>
      </div>
    </button>
    <button
      class="inline-flex items-center justify-center gap-2 whitespace-nowrap rounded-md text-sm font-medium transition-all disabled:pointer-events-none disabled:opacity-50 [&_svg]:pointer-events-none [&_svg:not([class*='size-'])]:size-4 shrink-0 [&_svg]:shrink-0 outline-none focus-visible:border-ring focus-visible:ring-ring/50 focus-visible:ring-[3px] aria-invalid:ring-destructive/20 dark:aria-invalid:ring-destructive/40 aria-invalid:border-destructive border bg-background shadow-xs hover:bg-accent hover:text-accent-foreground dark:bg-input/30 dark:border-input dark:hover:bg-input/50 h-9 px-4 py-2 has-[>svg]:px-3"
      data-size="default"
      data-slot="button"
      data-variant="outline"
    >
      <div
        class="relative size-4 rounded-full border-1 flex-shrink-0 border-border"
        style="background-color: rgb(37, 99, 235);"
      />
      <div
        class="flex items-center justify-between flex-1 min-w-0"
      >
        <span
          class="text-sm font-medium truncate"
        >
          Blue
        </span>
        <span
          class="ml-auto text-xs bg-muted/50 px-2 py-1 rounded-full"
        >
          27
        </span>
      </div>
    </button>
    <button
      class="inline-flex items-center justify-center gap-2 whitespace-nowrap rounded-md text-sm font-medium transition-all disabled:pointer-events-none disabled:opacity-50 [&_svg]:pointer-events-none [&_svg:not([class*='size-'])]:size-4 shrink-0 [&_svg]:shrink-0 outline-none focus-visible:border-ring focus-visible:ring-ring/50 focus-visible:ring-[3px] aria-invalid:ring-destructive/20 dark:aria-invalid:ring-destructive/40 aria-invalid:border-destructive border bg-background shadow-xs hover:bg-accent hover:text-accent-foreground dark:bg-input/30 dark:border-input dark:hover:bg-input/50 h-9 px-4 py-2 has-[>svg]:px-3"
      data-size="default"
      data-slot="button"
      data-variant="outline"
    >
      <div
        class="relative size-4 rounded-full border-1 flex-shrink-0 border-border"
        style="background-color: rgb(220, 38, 38);"
      />
      <div
        class="flex items-center justify-between flex-1 min-w-0"
      >
        <span
          class="text-sm font-medium truncate"
        >
          Red
        </span>
        <span
          class="ml-auto text-xs bg-muted/50 px-2 py-1 rounded-full"
        >
          1
        </span>
      </div>
    </button>
    <button
      class="inline-flex items-center justify-center gap-2 whitespace-nowrap rounded-md text-sm font-medium transition-all disabled:pointer-events-none disabled:opacity-50 [&_svg]:pointer-events-none [&_svg:not([class*='size-'])]:size-4 shrink-0 [&_svg]:shrink-0 outline-none focus-visible:border-ring focus-visible:ring-ring/50 focus-visible:ring-[3px] aria-invalid:ring-destructive/20 dark:aria-invalid:ring-destructive/40 aria-invalid:border-destructive border bg-background shadow-xs hover:bg-accent hover:text-accent-foreground dark:bg-input/30 dark:border-input dark:hover:bg-input/50 h-9 px-4 py-2 has-[>svg]:px-3"
      data-size="default"
      data-slot="button"
      data-variant="outline"
    >
      <div
        class="relative size-4 rounded-full border-1 flex-shrink-0 border-border"
        style="background-color: rgb(22, 163, 74);"
      />
      <div
        class="flex items-center justify-between flex-1 min-w-0"
      >
        <span
          class="text-sm font-medium truncate"
        >
          Green
        </span>
        <span
          class="ml-auto text-xs bg-muted/50 px-2 py-1 rounded-full"
        >
          4
        </span>
      </div>
    </button>
    <button
      class="inline-flex items-center justify-center gap-2 whitespace-nowrap rounded-md text-sm font-medium transition-all disabled:pointer-events-none disabled:opacity-50 [&_svg]:pointer-events-none [&_svg:not([class*='size-'])]:size-4 shrink-0 [&_svg]:shrink-0 outline-none focus-visible:border-ring focus-visible:ring-ring/50 focus-visible:ring-[3px] aria-invalid:ring-destructive/20 dark:aria-invalid:ring-destructive/40 aria-invalid:border-destructive border bg-background shadow-xs hover:bg-accent hover:text-accent-foreground dark:bg-input/30 dark:border-input dark:hover:bg-input/50 h-9 px-4 py-2 has-[>svg]:px-3"
      data-size="default"
      data-slot="button"
      data-variant="outline"
    >
      <div
        class="relative size-4 rounded-full border-1 flex-shrink-0 border-border"
        style="background-color: rgb(255, 255, 255);"
      />
      <div
        class="flex items-center justify-between flex-1 min-w-0"
      >
        <span
          class="text-sm font-medium truncate"
        >
          White
        </span>
        <span
          class="ml-auto text-xs bg-muted/50 px-2 py-1 rounded-full"
        >
          30
        </span>
      </div>
    </button>
    <button
      class="inline-flex items-center justify-center gap-2 whitespace-nowrap rounded-md text-sm font-medium transition-all disabled:pointer-events-none disabled:opacity-50 [&_svg]:pointer-events-none [&_svg:not([class*='size-'])]:size-4 shrink-0 [&_svg]:shrink-0 outline-none focus-visible:border-ring focus-visible:ring-ring/50 focus-visible:ring-[3px] aria-invalid:ring-destructive/20 dark:aria-invalid:ring-destructive/40 aria-invalid:border-destructive border bg-background shadow-xs hover:bg-accent hover:text-accent-foreground dark:bg-input/30 dark:border-input dark:hover:bg-input/50 h-9 px-4 py-2 has-[>svg]:px-3"
      data-size="default"
      data-slot="button"
      data-variant="outline"
    >
      <div
        class="relative size-4 rounded-full border-1 flex-shrink-0 border-border"
        style="background-color: rgb(161, 98, 7);"
      />
      <div
        class="flex items-center justify-between flex-1 min-w-0"
      >
        <span
          class="text-sm font-medium truncate"
        >
          Brown
        </span>
        <span
          class="ml-auto text-xs bg-muted/50 px-2 py-1 rounded-full"
        >
          15
        </span>
      </div>
    </button>
  </div>
</div>
`;
