// Vitest Snapshot v1, https://vitest.dev/guide/snapshot.html

exports[`RemoveItemButtonWithConfirmation stories snapshot > CustomConfiguration story renders and matches snapshot 1`] = `
<div
  data-remove-harness="true"
>
  <button
    aria-busy="false"
    class="inline-flex items-center justify-center whitespace-nowrap text-sm transition-all disabled:pointer-events-none disabled:opacity-50 [&_svg]:pointer-events-none [&_svg:not([class*='size-'])]:size-4 shrink-0 [&_svg]:shrink-0 outline-none focus-visible:border-ring focus-visible:ring-ring/50 focus-visible:ring-[3px] aria-invalid:ring-destructive/20 dark:aria-invalid:ring-destructive/40 aria-invalid:border-destructive text-primary underline-offset-4 hover:underline h-8 rounded-md gap-1.5 px-3 has-[>svg]:px-2.5 font-bold"
    data-size="sm"
    data-slot="button"
    data-testid="remove-item-wishlist-item-456"
    data-variant="link"
    title="Remove item"
  >
    Remove
  </button>
</div>
`;

exports[`RemoveItemButtonWithConfirmation stories snapshot > Default story renders and matches snapshot 1`] = `
<div
  data-remove-harness="true"
>
  <button
    aria-busy="false"
    class="inline-flex items-center justify-center whitespace-nowrap text-sm transition-all disabled:pointer-events-none disabled:opacity-50 [&_svg]:pointer-events-none [&_svg:not([class*='size-'])]:size-4 shrink-0 [&_svg]:shrink-0 outline-none focus-visible:border-ring focus-visible:ring-ring/50 focus-visible:ring-[3px] aria-invalid:ring-destructive/20 dark:aria-invalid:ring-destructive/40 aria-invalid:border-destructive text-primary underline-offset-4 hover:underline h-8 rounded-md gap-1.5 px-3 has-[>svg]:px-2.5 font-bold"
    data-size="sm"
    data-slot="button"
    data-testid="remove-item-item-123"
    data-variant="link"
    title="Remove item"
  >
    Remove
  </button>
</div>
`;

exports[`RemoveItemButtonWithConfirmation stories snapshot > DifferentItemTypes story renders and matches snapshot 1`] = `
<div
  data-remove-harness="true"
>
  <div
    class="space-y-4"
  >
    <div
      class="p-4 border rounded-lg"
    >
      <h4
        class="font-medium mb-2"
      >
        Cart Item
      </h4>
      <p
        class="text-sm text-muted-foreground mb-2"
      >
        Product in shopping cart
      </p>
      <button
        aria-busy="false"
        class="inline-flex items-center justify-center whitespace-nowrap text-sm transition-all disabled:pointer-events-none disabled:opacity-50 [&_svg]:pointer-events-none [&_svg:not([class*='size-'])]:size-4 shrink-0 [&_svg]:shrink-0 outline-none focus-visible:border-ring focus-visible:ring-ring/50 focus-visible:ring-[3px] aria-invalid:ring-destructive/20 dark:aria-invalid:ring-destructive/40 aria-invalid:border-destructive text-primary underline-offset-4 hover:underline h-8 rounded-md gap-1.5 px-3 has-[>svg]:px-2.5 font-bold"
        data-size="sm"
        data-slot="button"
        data-testid="remove-item-cart-item-1"
        data-variant="link"
        title="Remove item"
      >
        Remove
      </button>
    </div>
    <div
      class="p-4 border rounded-lg"
    >
      <h4
        class="font-medium mb-2"
      >
        Wishlist Item
      </h4>
      <p
        class="text-sm text-muted-foreground mb-2"
      >
        Saved for later
      </p>
      <button
        aria-busy="false"
        class="inline-flex items-center justify-center whitespace-nowrap text-sm transition-all disabled:pointer-events-none disabled:opacity-50 [&_svg]:pointer-events-none [&_svg:not([class*='size-'])]:size-4 shrink-0 [&_svg]:shrink-0 outline-none focus-visible:border-ring focus-visible:ring-ring/50 focus-visible:ring-[3px] aria-invalid:ring-destructive/20 dark:aria-invalid:ring-destructive/40 aria-invalid:border-destructive text-primary underline-offset-4 hover:underline h-8 rounded-md gap-1.5 px-3 has-[>svg]:px-2.5 font-bold"
        data-size="sm"
        data-slot="button"
        data-testid="remove-item-wishlist-item-1"
        data-variant="link"
        title="Remove item"
      >
        Remove
      </button>
    </div>
    <div
      class="p-4 border rounded-lg"
    >
      <h4
        class="font-medium mb-2"
      >
        Saved Address
      </h4>
      <p
        class="text-sm text-muted-foreground mb-2"
      >
        Default shipping address
      </p>
      <button
        aria-busy="false"
        class="inline-flex items-center justify-center whitespace-nowrap text-sm transition-all disabled:pointer-events-none disabled:opacity-50 [&_svg]:pointer-events-none [&_svg:not([class*='size-'])]:size-4 shrink-0 [&_svg]:shrink-0 outline-none focus-visible:border-ring focus-visible:ring-ring/50 focus-visible:ring-[3px] aria-invalid:ring-destructive/20 dark:aria-invalid:ring-destructive/40 aria-invalid:border-destructive text-primary underline-offset-4 hover:underline h-8 rounded-md gap-1.5 px-3 has-[>svg]:px-2.5 font-bold"
        data-size="sm"
        data-slot="button"
        data-testid="remove-item-address-1"
        data-variant="link"
        title="Remove item"
      >
        Remove
      </button>
    </div>
  </div>
</div>
`;

exports[`RemoveItemButtonWithConfirmation stories snapshot > LoadingState story renders and matches snapshot 1`] = `
<div
  data-remove-harness="true"
>
  <button
    aria-busy="true"
    class="inline-flex items-center justify-center whitespace-nowrap text-sm transition-all disabled:pointer-events-none disabled:opacity-50 [&_svg]:pointer-events-none [&_svg:not([class*='size-'])]:size-4 shrink-0 [&_svg]:shrink-0 outline-none focus-visible:border-ring focus-visible:ring-ring/50 focus-visible:ring-[3px] aria-invalid:ring-destructive/20 dark:aria-invalid:ring-destructive/40 aria-invalid:border-destructive text-primary underline-offset-4 hover:underline h-8 rounded-md gap-1.5 px-3 has-[>svg]:px-2.5 font-bold"
    data-size="sm"
    data-slot="button"
    data-testid="remove-item-loading"
    data-variant="link"
    disabled=""
    title="Remove item"
  >
    Removing...
  </button>
</div>
`;

exports[`RemoveItemButtonWithConfirmation stories snapshot > WithCustomStyling story renders and matches snapshot 1`] = `
<div
  data-remove-harness="true"
>
  <button
    aria-busy="false"
    class="inline-flex items-center justify-center whitespace-nowrap text-sm transition-all disabled:pointer-events-none disabled:opacity-50 [&_svg]:pointer-events-none [&_svg:not([class*='size-'])]:size-4 shrink-0 [&_svg]:shrink-0 outline-none focus-visible:border-ring focus-visible:ring-ring/50 focus-visible:ring-[3px] aria-invalid:ring-destructive/20 dark:aria-invalid:ring-destructive/40 aria-invalid:border-destructive underline-offset-4 hover:underline h-8 rounded-md gap-1.5 px-3 has-[>svg]:px-2.5 text-red-600 hover:text-red-700 font-medium"
    data-size="sm"
    data-slot="button"
    data-testid="remove-item-item-789"
    data-variant="link"
    title="Remove item"
  >
    Remove
  </button>
</div>
`;
