// Vitest Snapshot v1, https://vitest.dev/guide/snapshot.html

exports[`AddAddressDialog stories snapshot > Closed story renders and matches snapshot 1`] = `
<div>
  <button>
    Open Add Address Dialog
  </button>
</div>
`;

exports[`AddAddressDialog stories snapshot > Default story renders and matches snapshot 1`] = `<div />`;

exports[`AddAddressDialog stories snapshot > Desktop story renders and matches snapshot 1`] = `<div />`;

exports[`AddAddressDialog stories snapshot > InternationalAddress story renders and matches snapshot 1`] = `<div />`;

exports[`AddAddressDialog stories snapshot > Mobile story renders and matches snapshot 1`] = `<div />`;

exports[`AddAddressDialog stories snapshot > Tablet story renders and matches snapshot 1`] = `<div />`;

exports[`AddAddressDialog stories snapshot > WithDefaultValues story renders and matches snapshot 1`] = `<div />`;
